// Jest Snapshot v1, https://goo.gl/fbAQLP

exports[`Header Container Component Unit Test Snapshot Testing 1`] = `
<DocumentFragment>
  <header
    class="sc-dkzDqf jLKyMU"
  >
    <h1
      class="sc-bczRLJ jeKidp primary-heading"
    >
      React Simple Starter
    </h1>
    <ul
      class="sc-gsnTZi jgvYym"
    >
      <li>
        <a
          class="link-letter"
          href="/"
        >
          Primary Page
        </a>
      </li>
      <li>
        <a
          class="link-letter"
          href="/second"
        >
          Secondary Page
        </a>
      </li>
      <li>
        <a
          class="link-letter"
          href="/third"
        >
          Third Page
        </a>
      </li>
      <li>
        <a
          class="link-letter"
          href="/fourth"
        >
          Fourth Page
        </a>
      </li>
    </ul>
  </header>
</DocumentFragment>
`;
