// Jest Snapshot v1, https://goo.gl/fbAQLP

exports[`Fixed Layout Component Unit Test Snapshot Testing 1`] = `
<DocumentFragment>
  <div
    class="sc-eCYdqJ bZNfEP ui-test layout fixed-layout"
  >
    <header
      class="sc-dkzDqf jLKyMU"
    >
      <h1
        class="sc-bczRLJ jeKidp primary-heading"
      >
        React Simple Starter
      </h1>
      <ul
        class="sc-gsnTZi jgvYym"
      >
        <li>
          <a
            class="link-letter"
            href="/"
          >
            Primary Page
          </a>
        </li>
        <li>
          <a
            class="link-letter"
            href="/second"
          >
            Secondary Page
          </a>
        </li>
        <li>
          <a
            class="link-letter"
            href="/third"
          >
            Third Page
          </a>
        </li>
        <li>
          <a
            class="link-letter"
            href="/fourth"
          >
            Fourth Page
          </a>
        </li>
      </ul>
    </header>
    <main
      class="main-content"
    />
    <footer
      class="sc-hKMtZM bvcVEG"
    >
      <a
        class="link-letter"
        href="http://kojiyamauchi.com"
        rel="noreferrer"
        target="_blank"
      >
        © 2022 All The Small Things, All Rights Reserved.
      </a>
    </footer>
  </div>
</DocumentFragment>
`;
