// Jest Snapshot v1, https://goo.gl/fbAQLP

exports[`Navigation Component Unit Test Snapshot Testing 1`] = `
<DocumentFragment>
  <ul
    class="sc-bczRLJ ldwuWE"
  >
    <li>
      <a
        class="link-letter"
        href="/"
      >
        Primary Page
      </a>
    </li>
    <li>
      <a
        class="link-letter"
        href="/second"
      >
        Secondary Page
      </a>
    </li>
    <li>
      <a
        class="link-letter"
        href="/third"
      >
        Third Page
      </a>
    </li>
    <li>
      <a
        class="link-letter"
        href="/fourth"
      >
        Fourth Page
      </a>
    </li>
  </ul>
</DocumentFragment>
`;
