// Jest Snapshot v1, https://goo.gl/fbAQLP

exports[`Navigation Component Unit Test Snapshot Testing 1`] = `
<DocumentFragment>
  <ul
    class="sc-bdvvtL kcRiWP"
  >
    <li>
      <a
        class="link-letter"
        href="/react-simple-starter/"
      >
        Primary Page
      </a>
    </li>
    <li>
      <a
        class="link-letter"
        href="/react-simple-starter/second"
      >
        Secondary Page
      </a>
    </li>
    <li>
      <a
        class="link-letter"
        href="/react-simple-starter/third"
      >
        Third Page
      </a>
    </li>
    <li>
      <a
        class="link-letter"
        href="/react-simple-starter/fourth"
      >
        Fourth Page
      </a>
    </li>
  </ul>
</DocumentFragment>
`;
